==============================================================================
CustomLibrary :: To validate the login form                                   
==============================================================================
Hello Team
Validate cart display on shopping page                                iphone X
Samsung Note 8
Nokia Edge
Blackberry
Nokia Edge
Blackberry
| PASS |
------------------------------------------------------------------------------
Bye Team
CustomLibrary :: To validate the login form                           | PASS |
1 test, 1 passed, 0 failed
==============================================================================
Output:  D:\RobotFramework\pythonProject\Test\pabot_results\1\output.xml
