[ WARN ] Imported library 'webdriver_manager' contains no keywords.
