==============================================================================
CustomLibrary :: To validate the login form                                   
==============================================================================
Hello Team
Fill the Login details and login form                                 | PASS |
------------------------------------------------------------------------------
Bye Team
CustomLibrary :: To validate the login form                           | PASS |
1 test, 1 passed, 0 failed
==============================================================================
Output:  D:\RobotFramework\pythonProject\Test\pabot_results\2\output.xml
